// Jest Snapshot v1, https://goo.gl/fbAQLP

exports[`Detail component renders 1`] = `
<div>
  <h1 />
  <img />
  <p>
    Gender: 
  </p>
  <p>
    Hair: 
  </p>
  <p>
    Affiliation: 
  </p>
</div>
`;
