// Jest Snapshot v1, https://goo.gl/fbAQLP

exports[`Footer component should render Footer 1`] = `
<footer
  className="Footer"
>
  Â© 2019 Donna Lambert
</footer>
`;
