// Jest Snapshot v1, https://goo.gl/fbAQLP

exports[`Header component should render Header 1`] = `
<header
  className="Header"
>
  <nav>
    <Link
      to="/"
    >
      Home
    </Link>
    <Link
      to="/list"
    >
      List
    </Link>
  </nav>
</header>
`;
